// Jest Snapshot v1, https://goo.gl/fbAQLP

exports[`About component matches snapshot DOM node structure 1`] = `
<DocumentFragment>
  <section
    class="my-5"
  >
    <h1
      id="about"
    >
      Who am I
    </h1>
    <img
      alt="cover"
      class="my-3"
      src="cover-image.jpg"
      style="width: 100%;"
    />
    <div
      class="my-2"
    >
      <p>
        I am a professional photographer, specializing in product images.
      </p>
    </div>
  </section>
</DocumentFragment>
`;
